=== –ù–∞—á–∞–ª–æ –∑–∞–ø–∏—Å–∏ –ª–æ–≥–æ–≤ 20251007_151124 ===
üîÑ –ù–∞—á–∞–ª–æ –∏–Ω–∏—Ü–∏–∞–ª–∏–∑–∞—Ü–∏–∏ –≥–ª–∞–≤–Ω–æ–≥–æ –æ–∫–Ω–∞...‚úÖ –õ–æ–≥–∏—Ä–æ–≤–∞–Ω–∏–µ –Ω–∞—Å—Ç—Ä–æ–µ–Ω–æüîÑ –ó–∞–≥—Ä—É–∑–∫–∞ –∫–æ–Ω—Ñ–∏–≥—É—Ä–∞—Ü–∏–∏...‚úÖ API –∫–ª—é—á–∏ –∑–∞–≥—Ä—É–∂–µ–Ω—ã –∏–∑ —Ñ–∞–π–ª–∞ C:\Users\vlastelin8\Desktop\trade\crypto\keys‚úÖ API –∫–ª—é—á–∏ –∑–∞–≥—Ä—É–∂–µ–Ω—ã –∏–∑ config.py‚úÖ API –∫–ª—é—á–∏ –∑–∞–≥—Ä—É–∂–µ–Ω—ã –∏–∑ —Ñ–∞–π–ª–∞ C:\Users\vlastelin8\Desktop\trade\crypto\keys‚úÖ –ö–æ–Ω—Ñ–∏–≥—É—Ä–∞—Ü–∏—è –≤–∞–ª–∏–¥–Ω–∞‚úÖ –ü–µ—Ä–µ–º–µ–Ω–Ω—ã–µ –∏–Ω–∏—Ü–∏–∞–ª–∏–∑–∏—Ä–æ–≤–∞–Ω—ãüîÑ –ò–Ω–∏—Ü–∏–∞–ª–∏–∑–∞—Ü–∏—è UI...‚úÖ UI —Å–æ–∑–¥–∞–ΩüîÑ –ü—Ä–∏–º–µ–Ω–µ–Ω–∏–µ —Å—Ç–∏–ª–µ–π...‚úÖ –°—Ç–∏–ª–∏ –ø—Ä–∏–º–µ–Ω–µ–Ω—ãüîÑ –ó–∞–≥—Ä—É–∑–∫–∞ API –∫–ª—é—á–µ–π –≤ –ø–æ–ª—è –≤–≤–æ–¥–∞...2025-10-07 15:11:24,420 - INFO - API –∫–ª—é—á–∏ —É—Å–ø–µ—à–Ω–æ –∑–∞–≥—Ä—É–∂–µ–Ω—ã –∏–∑ –∫–æ–Ω—Ñ–∏–≥—É—Ä–∞—Ü–∏–∏
‚úÖ API –∫–ª—é—á–∏ –∑–∞–≥—Ä—É–∂–µ–Ω—ã –≤ –ø–æ–ª—è –≤–≤–æ–¥–∞üîÑ –ù–∞—Å—Ç—Ä–æ–π–∫–∞ —Ç–∞–π–º–µ—Ä–æ–≤ –∞–≤—Ç–æ–º–∞—Ç–∏—á–µ—Å–∫–æ–≥–æ –æ–±–Ω–æ–≤–ª–µ–Ω–∏—è...2025-10-07 15:11:24,421 - INFO - –¢–∞–π–º–µ—Ä –æ–±–Ω–æ–≤–ª–µ–Ω–∏—è –ø–æ–∑–∏—Ü–∏–π –∑–∞–ø—É—â–µ–Ω (–∏–Ω—Ç–µ—Ä–≤–∞–ª: 30 —Å–µ–∫—É–Ω–¥)
2025-10-07 15:11:24,421 - INFO - –¢–∞–π–º–µ—Ä –ø—Ä–æ–≤–µ—Ä–∫–∏ –ø–æ–¥–∫–ª—é—á–µ–Ω–∏—è –∑–∞–ø—É—â–µ–Ω (–∏–Ω—Ç–µ—Ä–≤–∞–ª: 60 —Å–µ–∫—É–Ω–¥)
2025-10-07 15:11:24,422 - INFO - –¢–∞–π–º–µ—Ä –ø–æ–ª–Ω–æ–≥–æ –æ–±–Ω–æ–≤–ª–µ–Ω–∏—è –¥–∞–Ω–Ω—ã—Ö –∑–∞–ø—É—â–µ–Ω (–∏–Ω—Ç–µ—Ä–≤–∞–ª: 120 —Å–µ–∫—É–Ω–¥)
2025-10-07 15:11:24,422 - INFO - –¢–∞–π–º–µ—Ä –æ–±–Ω–æ–≤–ª–µ–Ω–∏—è —Ç–∏–∫–µ—Ä–æ–≤ –∑–∞–ø—É—â–µ–Ω (–∏–Ω—Ç–µ—Ä–≤–∞–ª: 30 —Å–µ–∫—É–Ω–¥)
‚úÖ –¢–∞–π–º–µ—Ä—ã –Ω–∞—Å—Ç—Ä–æ–µ–Ω—ãüîÑ –ó–∞–ø—É—Å–∫ —Ç–æ—Ä–≥–æ–≤–æ–≥–æ –ø–æ—Ç–æ–∫–∞...üîÑ –°–æ–∑–¥–∞–Ω–∏–µ —Ç–æ—Ä–≥–æ–≤–æ–≥–æ –ø–æ—Ç–æ–∫–∞...2025-10-07 15:11:24,423 - INFO - –õ–æ–≥–∏ —Å–æ—Ö—Ä–∞–Ω—è—é—Ç—Å—è –≤ —Ñ–∞–π–ª: C:\Users\vlastelin8\Desktop\trade\crypto\logs\trading_bot_20251007_151124.log
‚úÖ –¢–æ—Ä–≥–æ–≤—ã–π –ø–æ—Ç–æ–∫ —Å–æ–∑–¥–∞–Ωüîó –ü–æ–¥–∫–ª—é—á–µ–Ω–∏–µ —Å–∏–≥–Ω–∞–ª–æ–≤...‚úÖ –°–∏–≥–Ω–∞–ª—ã –ø–æ–¥–∫–ª—é—á–µ–Ω—ãüöÄ –ó–∞–ø—É—Å–∫ —Ç–æ—Ä–≥–æ–≤–æ–≥–æ –ø–æ—Ç–æ–∫–∞...‚úÖ –¢–æ—Ä–≥–æ–≤—ã–π –ø–æ—Ç–æ–∫ –∑–∞–ø—É—â–µ–Ω‚úÖ –ì–ª–∞–≤–Ω–æ–µ –æ–∫–Ω–æ –ø–æ–ª–Ω–æ—Å—Ç—å—é –∏–Ω–∏—Ü–∏–∞–ª–∏–∑–∏—Ä–æ–≤–∞–Ω–æ2025-10-07 15:11:24,688 - INFO - –ë–∞–∑–∞ –¥–∞–Ω–Ω—ã—Ö –∏–Ω–∏—Ü–∏–∞–ª–∏–∑–∏—Ä–æ–≤–∞–Ω–∞
2025-10-07 15:11:24,689 - INFO - –ò–Ω–∏—Ü–∏–∞–ª–∏–∑–∏—Ä–æ–≤–∞–Ω –º–µ–Ω–µ–¥–∂–µ—Ä –ë–î: C:\Users\vlastelin8\Desktop\trade\crypto\data\trading_bot.db
2025-10-07 15:11:24,690 - INFO - üîç –ù–∞—á–∞–ª–æ –∑–∞–≥—Ä—É–∑–∫–∏ –º–æ–¥–µ–ª–µ–π...
2025-10-07 15:11:24,691 - INFO - üìÅ –ü—Ä–æ–≤–µ—Ä–∫–∞ —Ñ–∞–π–ª–æ–≤: adaptive_ml_models.pkl, adaptive_ml_scalers.pkl, adaptive_ml_performance.json, adaptive_ml_training_state.json
2025-10-07 15:11:24,691 - INFO - üìä –ó–∞–≥—Ä—É–∑–∫–∞ –º–æ–¥–µ–ª–µ–π...
2025-10-07 15:11:25,338 - INFO - –ó–∞–≥—Ä—É–∂–µ–Ω–æ 149 –º–æ–¥–µ–ª–µ–π
2025-10-07 15:11:25,338 - INFO - üìè –ó–∞–≥—Ä—É–∑–∫–∞ —Å–∫–µ–π–ª–µ—Ä–æ–≤...
2025-10-07 15:11:25,340 - INFO - üìà –ó–∞–≥—Ä—É–∑–∫–∞ —Å—Ç–∞—Ç–∏—Å—Ç–∏–∫–∏ –ø—Ä–æ–∏–∑–≤–æ–¥–∏—Ç–µ–ª—å–Ω–æ—Å—Ç–∏...
2025-10-07 15:11:25,340 - INFO - üìà –ó–∞–≥—Ä—É–∑–∫–∞ —Å–æ—Å—Ç–æ—è–Ω–∏—è –æ–±—É—á–µ–Ω–∏—è –º–æ–¥–µ–ª–µ–π...
2025-10-07 15:11:25,342 - INFO - ‚úÖ –ó–∞–≥—Ä—É–∑–∫–∞ –º–æ–¥–µ–ª–µ–π –∑–∞–≤–µ—Ä—à–µ–Ω–∞
2025-10-07 15:11:25,342 - INFO - –ò–Ω–∏—Ü–∏–∞–ª–∏–∑–∏—Ä–æ–≤–∞–Ω–∞ ML —Å—Ç—Ä–∞—Ç–µ–≥–∏—è: adaptive_ml
2025-10-07 15:11:25,344 - INFO - üîç –ù–∞—á–∞–ª–æ –∑–∞–≥—Ä—É–∑–∫–∏ –º–æ–¥–µ–ª–µ–π...
2025-10-07 15:11:25,344 - INFO - üìÅ –ü—Ä–æ–≤–µ—Ä–∫–∞ —Ñ–∞–π–ª–æ–≤: adaptive_ml_models.pkl, adaptive_ml_scalers.pkl, adaptive_ml_performance.json, adaptive_ml_training_state.json
2025-10-07 15:11:25,344 - INFO - üìä –ó–∞–≥—Ä—É–∑–∫–∞ –º–æ–¥–µ–ª–µ–π...
2025-10-07 15:11:25,801 - INFO - –ó–∞–≥—Ä—É–∂–µ–Ω–æ 149 –º–æ–¥–µ–ª–µ–π
2025-10-07 15:11:25,801 - INFO - üìè –ó–∞–≥—Ä—É–∑–∫–∞ —Å–∫–µ–π–ª–µ—Ä–æ–≤...
2025-10-07 15:11:25,803 - INFO - üìà –ó–∞–≥—Ä—É–∑–∫–∞ —Å—Ç–∞—Ç–∏—Å—Ç–∏–∫–∏ –ø—Ä–æ–∏–∑–≤–æ–¥–∏—Ç–µ–ª—å–Ω–æ—Å—Ç–∏...
2025-10-07 15:11:25,803 - INFO - üìà –ó–∞–≥—Ä—É–∑–∫–∞ —Å–æ—Å—Ç–æ—è–Ω–∏—è –æ–±—É—á–µ–Ω–∏—è –º–æ–¥–µ–ª–µ–π...
2025-10-07 15:11:25,804 - INFO - ‚úÖ –ó–∞–≥—Ä—É–∑–∫–∞ –º–æ–¥–µ–ª–µ–π –∑–∞–≤–µ—Ä—à–µ–Ω–∞
DEBUG: ML —Å—Ç—Ä–∞—Ç–µ–≥–∏—è –∏–Ω–∏—Ü–∏–∞–ª–∏–∑–∏—Ä–æ–≤–∞–Ω–∞, –ø—Ä–æ–¥–æ–ª–∂–∞–µ–º...DEBUG: –£—Å—Ç–∞–Ω–∞–≤–ª–∏–≤–∞–µ–º —Å—Ç–∞—Ç—É—Å...DEBUG: –í—ã–∑—ã–≤–∞–µ–º status_updated.emit...DEBUG: –°—Ç–∞—Ç—É—Å —É—Å—Ç–∞–Ω–æ–≤–ª–µ–ΩDEBUG: self.running = TrueDEBUG: –í—ã–∑—ã–≤–∞–µ–º log_message.emit –¥–ª—è –∑–∞–ø—É—Å–∫–∞ —Ü–∏–∫–ª–∞...DEBUG: –í—ã–∑—ã–≤–∞–µ–º log_message.emit –¥–ª—è –ø—Ä–æ–≤–µ—Ä–∫–∏ –≥–æ—Ç–æ–≤–Ω–æ—Å—Ç–∏...DEBUG: –î–æ—à–ª–∏ –¥–æ –æ—Å–Ω–æ–≤–Ω–æ–≥–æ —Ü–∏–∫–ª–∞DEBUG: –ü–µ—Ä–µ–¥ –≤—Ö–æ–¥–æ–º –≤ —Ü–∏–∫–ª, self.running = TrueDEBUG: –ó–∞–º–µ–Ω—è–µ–º log_message.emit –Ω–∞ print –¥–ª—è –∏–∑–±–µ–∂–∞–Ω–∏—è –±–ª–æ–∫–∏—Ä–æ–≤–∫–∏...‚úÖ –í—Ö–æ–¥–∏–º –≤ —Ç–æ—Ä–≥–æ–≤—ã–π —Ü–∏–∫–ª, running=TrueüîÑ –ù–∞—á–∏–Ω–∞–µ–º –æ—Å–Ω–æ–≤–Ω–æ–π —Ü–∏–∫–ª while...üîÑ –ù–∞—á–∞–ª–æ –∏—Ç–µ—Ä–∞—Ü–∏–∏ —Ü–∏–∫–ª–∞ #1üîÑ –¶–∏–∫–ª #1 –Ω–∞—á–∞—ÇüîÑ –í—ã–∑–æ–≤ _reset_daily_stats_if_needed()...‚úÖ _reset_daily_stats_if_needed() –∑–∞–≤–µ—Ä—à–µ–ΩüîÑ –û–±–Ω–æ–≤–ª–µ–Ω–∏–µ –±–∞–ª–∞–Ω—Å–∞...2025-10-07 15:11:25,807 - INFO - –ó–∞–ø—Ä–æ—Å –±–∞–ª–∞–Ω—Å–∞ –∫–æ—à–µ–ª—å–∫–∞: UNIFIED, –º–æ–Ω–µ—Ç–∞: –≤—Å–µ
2025-10-07 15:11:25,809 - DEBUG - Starting new HTTPS connection (1): api.bybit.com:443
2025-10-07 15:11:26,271 - DEBUG - https://api.bybit.com:443 "GET /v5/market/time HTTP/1.1" 200 134
2025-10-07 15:11:26,272 - DEBUG - –°—Ç—Ä–æ–∫–∞ –¥–ª—è –ø–æ–¥–ø–∏—Å–∏: 17598210860009HlqDp2h1HwSP8Ydnk20000accountType=UNIFIED
2025-10-07 15:11:26,557 - DEBUG - https://api.bybit.com:443 "GET /v5/account/wallet-balance?accountType=UNIFIED HTTP/1.1" 401 0
2025-10-07 15:11:26,557 - ERROR - –û—à–∏–±–∫–∞ HTTP –∑–∞–ø—Ä–æ—Å–∞: 401 Client Error: API key is invalid. for url: https://api.bybit.com/v5/account/wallet-balance?accountType=UNIFIED
2025-10-07 15:11:26,557 - ERROR - –û—à–∏–±–∫–∞ –ø–æ–ª—É—á–µ–Ω–∏—è –±–∞–ª–∞–Ω—Å–∞ –∫–æ—à–µ–ª—å–∫–∞: –û—à–∏–±–∫–∞ —Å–æ–µ–¥–∏–Ω–µ–Ω–∏—è —Å API: 401 Client Error: API key is invalid. for url: https://api.bybit.com/v5/account/wallet-balance?accountType=UNIFIED
2025-10-07 15:11:26,577 - ERROR - Traceback (most recent call last):
  File "C:\Users\vlastelin8\Desktop\trade\crypto\src\api\bybit_client.py", line 161, in _make_request
    response.raise_for_status()
    ~~~~~~~~~~~~~~~~~~~~~~~~~^^
  File "C:\Users\vlastelin8\AppData\Local\Programs\Python\Python313\Lib\site-packages\requests\models.py", line 1024, in raise_for_status
    raise HTTPError(http_error_msg, response=self)
requests.exceptions.HTTPError: 401 Client Error: API key is invalid. for url: https://api.bybit.com/v5/account/wallet-balance?accountType=UNIFIED

During handling of the above exception, another exception occurred:

Traceback (most recent call last):
  File "C:\Users\vlastelin8\Desktop\trade\crypto\src\api\bybit_client.py", line 213, in get_wallet_balance
    result = self._make_request('GET', '/v5/account/wallet-balance', params)
  File "C:\Users\vlastelin8\Desktop\trade\crypto\src\api\bybit_client.py", line 174, in _make_request
    raise Exception(f"–û—à–∏–±–∫–∞ —Å–æ–µ–¥–∏–Ω–µ–Ω–∏—è —Å API: {e}")
Exception: –û—à–∏–±–∫–∞ —Å–æ–µ–¥–∏–Ω–µ–Ω–∏—è —Å API: 401 Client Error: API key is invalid. for url: https://api.bybit.com/v5/account/wallet-balance?accountType=UNIFIED

2025-10-07 15:11:26,578 - INFO - –ü–æ–ª–Ω—ã–π –æ—Ç–≤–µ—Ç –±–∞–ª–∞–Ω—Å–∞: {}
2025-10-07 15:11:26,578 - WARNING - –ü–æ–ª—É—á–µ–Ω –ø—É—Å—Ç–æ–π –æ—Ç–≤–µ—Ç –ø—Ä–∏ –∑–∞–ø—Ä–æ—Å–µ –±–∞–ª–∞–Ω—Å–∞
‚úÖ –ë–∞–ª–∞–Ω—Å –æ–±–Ω–æ–≤–ª–µ–Ω: FalseüîÑ –û–±–Ω–æ–≤–ª–µ–Ω–∏–µ –ø–æ–∑–∏—Ü–∏–π...2025-10-07 15:11:26,890 - DEBUG - https://api.bybit.com:443 "GET /v5/market/time HTTP/1.1" 200 134
2025-10-07 15:11:26,891 - DEBUG - –°—Ç—Ä–æ–∫–∞ –¥–ª—è –ø–æ–¥–ø–∏—Å–∏: 17598210860009HlqDp2h1HwSP8Ydnk20000category=spot&limit=50
2025-10-07 15:11:27,174 - DEBUG - https://api.bybit.com:443 "GET /v5/order/realtime?category=spot&limit=50 HTTP/1.1" 401 0
2025-10-07 15:11:27,175 - ERROR - –û—à–∏–±–∫–∞ HTTP –∑–∞–ø—Ä–æ—Å–∞: 401 Client Error: API key is invalid. for url: https://api.bybit.com/v5/order/realtime?category=spot&limit=50
2025-10-07 15:11:27,175 - WARNING - –û—à–∏–±–∫–∞ –ø–æ–ª—É—á–µ–Ω–∏—è —Å–ø–æ—Ç–æ–≤—ã—Ö –æ—Ä–¥–µ—Ä–æ–≤: –û—à–∏–±–∫–∞ —Å–æ–µ–¥–∏–Ω–µ–Ω–∏—è —Å API: 401 Client Error: API key is invalid. for url: https://api.bybit.com/v5/order/realtime?category=spot&limit=50
2025-10-07 15:11:27,175 - INFO - –ù–∞–π–¥–µ–Ω–æ 0 –∞–∫—Ç–∏–≤–Ω—ã—Ö —Å–ø–æ—Ç–æ–≤—ã—Ö –æ—Ä–¥–µ—Ä–æ–≤
2025-10-07 15:11:27,186 - INFO - –°–æ—Ö—Ä–∞–Ω–µ–Ω–æ 0 –ø–æ–∑–∏—Ü–∏–π –≤ –±–∞–∑—É –¥–∞–Ω–Ω—ã—Ö
‚úÖ –ü–æ–∑–∏—Ü–∏–∏ –æ–±–Ω–æ–≤–ª–µ–Ω—ã: 0 –ø–æ–∑–∏—Ü–∏–π‚è∏Ô∏è –¢–æ—Ä–≥–æ–≤–ª—è –æ—Ç–∫–ª—é—á–µ–Ω–∞ (—Ü–∏–∫–ª #1)üí° –î–ª—è –≤–∫–ª—é—á–µ–Ω–∏—è —Ç–æ—Ä–≥–æ–≤–ª–∏ –∏—Å–ø–æ–ª—å–∑—É–π—Ç–µ –∫–Ω–æ–ø–∫—É '–í–∫–ª—é—á–∏—Ç—å —Ç–æ—Ä–≥–æ–≤–ª—é' –≤ –∏–Ω—Ç–µ—Ä—Ñ–µ–π—Å–µüîÑ –ù–∞—á–∞–ª–æ –∏—Ç–µ—Ä–∞—Ü–∏–∏ —Ü–∏–∫–ª–∞ #2üîÑ –¶–∏–∫–ª #2 –Ω–∞—á–∞—ÇüîÑ –í—ã–∑–æ–≤ _reset_daily_stats_if_needed()...‚úÖ _reset_daily_stats_if_needed() –∑–∞–≤–µ—Ä—à–µ–ΩüîÑ –û–±–Ω–æ–≤–ª–µ–Ω–∏–µ –±–∞–ª–∞–Ω—Å–∞...2025-10-07 15:11:32,189 - INFO - –ó–∞–ø—Ä–æ—Å –±–∞–ª–∞–Ω—Å–∞ –∫–æ—à–µ–ª—å–∫–∞: UNIFIED, –º–æ–Ω–µ—Ç–∞: –≤—Å–µ
2025-10-07 15:11:32,468 - DEBUG - https://api.bybit.com:443 "GET /v5/market/time HTTP/1.1" 200 134
2025-10-07 15:11:32,469 - DEBUG - –°—Ç—Ä–æ–∫–∞ –¥–ª—è –ø–æ–¥–ø–∏—Å–∏: 17598210920009HlqDp2h1HwSP8Ydnk20000accountType=UNIFIED
2025-10-07 15:11:32,752 - DEBUG - https://api.bybit.com:443 "GET /v5/account/wallet-balance?accountType=UNIFIED HTTP/1.1" 401 0
2025-10-07 15:11:32,753 - ERROR - –û—à–∏–±–∫–∞ HTTP –∑–∞–ø—Ä–æ—Å–∞: 401 Client Error: API key is invalid. for url: https://api.bybit.com/v5/account/wallet-balance?accountType=UNIFIED
2025-10-07 15:11:32,753 - ERROR - –û—à–∏–±–∫–∞ –ø–æ–ª—É—á–µ–Ω–∏—è –±–∞–ª–∞–Ω—Å–∞ –∫–æ—à–µ–ª—å–∫–∞: –û—à–∏–±–∫–∞ —Å–æ–µ–¥–∏–Ω–µ–Ω–∏—è —Å API: 401 Client Error: API key is invalid. for url: https://api.bybit.com/v5/account/wallet-balance?accountType=UNIFIED
2025-10-07 15:11:32,754 - ERROR - Traceback (most recent call last):
  File "C:\Users\vlastelin8\Desktop\trade\crypto\src\api\bybit_client.py", line 161, in _make_request
    response.raise_for_status()
    ~~~~~~~~~~~~~~~~~~~~~~~~~^^
  File "C:\Users\vlastelin8\AppData\Local\Programs\Python\Python313\Lib\site-packages\requests\models.py", line 1024, in raise_for_status
    raise HTTPError(http_error_msg, response=self)
requests.exceptions.HTTPError: 401 Client Error: API key is invalid. for url: https://api.bybit.com/v5/account/wallet-balance?accountType=UNIFIED

During handling of the above exception, another exception occurred:

Traceback (most recent call last):
  File "C:\Users\vlastelin8\Desktop\trade\crypto\src\api\bybit_client.py", line 213, in get_wallet_balance
    result = self._make_request('GET', '/v5/account/wallet-balance', params)
  File "C:\Users\vlastelin8\Desktop\trade\crypto\src\api\bybit_client.py", line 174, in _make_request
    raise Exception(f"–û—à–∏–±–∫–∞ —Å–æ–µ–¥–∏–Ω–µ–Ω–∏—è —Å API: {e}")
Exception: –û—à–∏–±–∫–∞ —Å–æ–µ–¥–∏–Ω–µ–Ω–∏—è —Å API: 401 Client Error: API key is invalid. for url: https://api.bybit.com/v5/account/wallet-balance?accountType=UNIFIED

2025-10-07 15:11:32,755 - INFO - –ü–æ–ª–Ω—ã–π –æ—Ç–≤–µ—Ç –±–∞–ª–∞–Ω—Å–∞: {}
2025-10-07 15:11:32,755 - WARNING - –ü–æ–ª—É—á–µ–Ω –ø—É—Å—Ç–æ–π –æ—Ç–≤–µ—Ç –ø—Ä–∏ –∑–∞–ø—Ä–æ—Å–µ –±–∞–ª–∞–Ω—Å–∞
‚úÖ –ë–∞–ª–∞–Ω—Å –æ–±–Ω–æ–≤–ª–µ–Ω: FalseüîÑ –û–±–Ω–æ–≤–ª–µ–Ω–∏–µ –ø–æ–∑–∏—Ü–∏–π...2025-10-07 15:11:33,037 - DEBUG - https://api.bybit.com:443 "GET /v5/market/time HTTP/1.1" 200 134
2025-10-07 15:11:33,038 - DEBUG - –°—Ç—Ä–æ–∫–∞ –¥–ª—è –ø–æ–¥–ø–∏—Å–∏: 17598210920009HlqDp2h1HwSP8Ydnk20000category=spot&limit=50
2025-10-07 15:11:33,324 - DEBUG - https://api.bybit.com:443 "GET /v5/order/realtime?category=spot&limit=50 HTTP/1.1" 401 0
2025-10-07 15:11:33,325 - ERROR - –û—à–∏–±–∫–∞ HTTP –∑–∞–ø—Ä–æ—Å–∞: 401 Client Error: API key is invalid. for url: https://api.bybit.com/v5/order/realtime?category=spot&limit=50
2025-10-07 15:11:33,325 - WARNING - –û—à–∏–±–∫–∞ –ø–æ–ª—É—á–µ–Ω–∏—è —Å–ø–æ—Ç–æ–≤—ã—Ö –æ—Ä–¥–µ—Ä–æ–≤: –û—à–∏–±–∫–∞ —Å–æ–µ–¥–∏–Ω–µ–Ω–∏—è —Å API: 401 Client Error: API key is invalid. for url: https://api.bybit.com/v5/order/realtime?category=spot&limit=50
2025-10-07 15:11:33,325 - INFO - –ù–∞–π–¥–µ–Ω–æ 0 –∞–∫—Ç–∏–≤–Ω—ã—Ö —Å–ø–æ—Ç–æ–≤—ã—Ö –æ—Ä–¥–µ—Ä–æ–≤
2025-10-07 15:11:33,333 - INFO - –°–æ—Ö—Ä–∞–Ω–µ–Ω–æ 0 –ø–æ–∑–∏—Ü–∏–π –≤ –±–∞–∑—É –¥–∞–Ω–Ω—ã—Ö
‚úÖ –ü–æ–∑–∏—Ü–∏–∏ –æ–±–Ω–æ–≤–ª–µ–Ω—ã: 0 –ø–æ–∑–∏—Ü–∏–π‚è∏Ô∏è –¢–æ—Ä–≥–æ–≤–ª—è –æ—Ç–∫–ª—é—á–µ–Ω–∞ (—Ü–∏–∫–ª #2)üîÑ –ù–∞—á–∞–ª–æ –∏—Ç–µ—Ä–∞—Ü–∏–∏ —Ü–∏–∫–ª–∞ #3üîÑ –¶–∏–∫–ª #3 –Ω–∞—á–∞—ÇüîÑ –í—ã–∑–æ–≤ _reset_daily_stats_if_needed()...‚úÖ _reset_daily_stats_if_needed() –∑–∞–≤–µ—Ä—à–µ–ΩüîÑ –û–±–Ω–æ–≤–ª–µ–Ω–∏–µ –±–∞–ª–∞–Ω—Å–∞...2025-10-07 15:11:38,344 - INFO - –ó–∞–ø—Ä–æ—Å –±–∞–ª–∞–Ω—Å–∞ –∫–æ—à–µ–ª—å–∫–∞: UNIFIED, –º–æ–Ω–µ—Ç–∞: –≤—Å–µ
2025-10-07 15:11:38,624 - DEBUG - https://api.bybit.com:443 "GET /v5/market/time HTTP/1.1" 200 134
2025-10-07 15:11:38,625 - DEBUG - –°—Ç—Ä–æ–∫–∞ –¥–ª—è –ø–æ–¥–ø–∏—Å–∏: 17598210980009HlqDp2h1HwSP8Ydnk20000accountType=UNIFIED
2025-10-07 15:11:38,909 - DEBUG - https://api.bybit.com:443 "GET /v5/account/wallet-balance?accountType=UNIFIED HTTP/1.1" 401 0
2025-10-07 15:11:38,910 - ERROR - –û—à–∏–±–∫–∞ HTTP –∑–∞–ø—Ä–æ—Å–∞: 401 Client Error: API key is invalid. for url: https://api.bybit.com/v5/account/wallet-balance?accountType=UNIFIED
2025-10-07 15:11:38,910 - ERROR - –û—à–∏–±–∫–∞ –ø–æ–ª—É—á–µ–Ω–∏—è –±–∞–ª–∞–Ω—Å–∞ –∫–æ—à–µ–ª—å–∫–∞: –û—à–∏–±–∫–∞ —Å–æ–µ–¥–∏–Ω–µ–Ω–∏—è —Å API: 401 Client Error: API key is invalid. for url: https://api.bybit.com/v5/account/wallet-balance?accountType=UNIFIED
2025-10-07 15:11:38,912 - ERROR - Traceback (most recent call last):
  File "C:\Users\vlastelin8\Desktop\trade\crypto\src\api\bybit_client.py", line 161, in _make_request
    response.raise_for_status()
    ~~~~~~~~~~~~~~~~~~~~~~~~~^^
  File "C:\Users\vlastelin8\AppData\Local\Programs\Python\Python313\Lib\site-packages\requests\models.py", line 1024, in raise_for_status
    raise HTTPError(http_error_msg, response=self)
requests.exceptions.HTTPError: 401 Client Error: API key is invalid. for url: https://api.bybit.com/v5/account/wallet-balance?accountType=UNIFIED

During handling of the above exception, another exception occurred:

Traceback (most recent call last):
  File "C:\Users\vlastelin8\Desktop\trade\crypto\src\api\bybit_client.py", line 213, in get_wallet_balance
    result = self._make_request('GET', '/v5/account/wallet-balance', params)
  File "C:\Users\vlastelin8\Desktop\trade\crypto\src\api\bybit_client.py", line 174, in _make_request
    raise Exception(f"–û—à–∏–±–∫–∞ —Å–æ–µ–¥–∏–Ω–µ–Ω–∏—è —Å API: {e}")
Exception: –û—à–∏–±–∫–∞ —Å–æ–µ–¥–∏–Ω–µ–Ω–∏—è —Å API: 401 Client Error: API key is invalid. for url: https://api.bybit.com/v5/account/wallet-balance?accountType=UNIFIED

2025-10-07 15:11:38,912 - INFO - –ü–æ–ª–Ω—ã–π –æ—Ç–≤–µ—Ç –±–∞–ª–∞–Ω—Å–∞: {}
2025-10-07 15:11:38,912 - WARNING - –ü–æ–ª—É—á–µ–Ω –ø—É—Å—Ç–æ–π –æ—Ç–≤–µ—Ç –ø—Ä–∏ –∑–∞–ø—Ä–æ—Å–µ –±–∞–ª–∞–Ω—Å–∞
‚úÖ –ë–∞–ª–∞–Ω—Å –æ–±–Ω–æ–≤–ª–µ–Ω: FalseüîÑ –û–±–Ω–æ–≤–ª–µ–Ω–∏–µ –ø–æ–∑–∏—Ü–∏–π...2025-10-07 15:11:39,191 - DEBUG - https://api.bybit.com:443 "GET /v5/market/time HTTP/1.1" 200 134
2025-10-07 15:11:39,191 - DEBUG - –°—Ç—Ä–æ–∫–∞ –¥–ª—è –ø–æ–¥–ø–∏—Å–∏: 17598210990009HlqDp2h1HwSP8Ydnk20000category=spot&limit=50
2025-10-07 15:11:39,498 - DEBUG - https://api.bybit.com:443 "GET /v5/order/realtime?category=spot&limit=50 HTTP/1.1" 401 0
2025-10-07 15:11:39,499 - ERROR - –û—à–∏–±–∫–∞ HTTP –∑–∞–ø—Ä–æ—Å–∞: 401 Client Error: API key is invalid. for url: https://api.bybit.com/v5/order/realtime?category=spot&limit=50
2025-10-07 15:11:39,499 - WARNING - –û—à–∏–±–∫–∞ –ø–æ–ª—É—á–µ–Ω–∏—è —Å–ø–æ—Ç–æ–≤—ã—Ö –æ—Ä–¥–µ—Ä–æ–≤: –û—à–∏–±–∫–∞ —Å–æ–µ–¥–∏–Ω–µ–Ω–∏—è —Å API: 401 Client Error: API key is invalid. for url: https://api.bybit.com/v5/order/realtime?category=spot&limit=50
2025-10-07 15:11:39,499 - INFO - –ù–∞–π–¥–µ–Ω–æ 0 –∞–∫—Ç–∏–≤–Ω—ã—Ö —Å–ø–æ—Ç–æ–≤—ã—Ö –æ—Ä–¥–µ—Ä–æ–≤
2025-10-07 15:11:39,508 - INFO - –°–æ—Ö—Ä–∞–Ω–µ–Ω–æ 0 –ø–æ–∑–∏—Ü–∏–π –≤ –±–∞–∑—É –¥–∞–Ω–Ω—ã—Ö
‚úÖ –ü–æ–∑–∏—Ü–∏–∏ –æ–±–Ω–æ–≤–ª–µ–Ω—ã: 0 –ø–æ–∑–∏—Ü–∏–π‚è∏Ô∏è –¢–æ—Ä–≥–æ–≤–ª—è –æ—Ç–∫–ª—é—á–µ–Ω–∞ (—Ü–∏–∫–ª #3)üîÑ –ù–∞—á–∞–ª–æ –∏—Ç–µ—Ä–∞—Ü–∏–∏ —Ü–∏–∫–ª–∞ #4üîÑ –¶–∏–∫–ª #4 –Ω–∞—á–∞—ÇüîÑ –í—ã–∑–æ–≤ _reset_daily_stats_if_needed()...‚úÖ _reset_daily_stats_if_needed() –∑–∞–≤–µ—Ä—à–µ–ΩüîÑ –û–±–Ω–æ–≤–ª–µ–Ω–∏–µ –±–∞–ª–∞–Ω—Å–∞...2025-10-07 15:11:44,510 - INFO - –ó–∞–ø—Ä–æ—Å –±–∞–ª–∞–Ω—Å–∞ –∫–æ—à–µ–ª—å–∫–∞: UNIFIED, –º–æ–Ω–µ—Ç–∞: –≤—Å–µ
2025-10-07 15:11:44,787 - DEBUG - https://api.bybit.com:443 "GET /v5/market/time HTTP/1.1" 200 134
2025-10-07 15:11:44,787 - DEBUG - –°—Ç—Ä–æ–∫–∞ –¥–ª—è –ø–æ–¥–ø–∏—Å–∏: 17598211040009HlqDp2h1HwSP8Ydnk20000accountType=UNIFIED
2025-10-07 15:11:45,073 - DEBUG - https://api.bybit.com:443 "GET /v5/account/wallet-balance?accountType=UNIFIED HTTP/1.1" 401 0
2025-10-07 15:11:45,074 - ERROR - –û—à–∏–±–∫–∞ HTTP –∑–∞–ø—Ä–æ—Å–∞: 401 Client Error: API key is invalid. for url: https://api.bybit.com/v5/account/wallet-balance?accountType=UNIFIED
2025-10-07 15:11:45,074 - ERROR - –û—à–∏–±–∫–∞ –ø–æ–ª—É—á–µ–Ω–∏—è –±–∞–ª–∞–Ω—Å–∞ –∫–æ—à–µ–ª—å–∫–∞: –û—à–∏–±–∫–∞ —Å–æ–µ–¥–∏–Ω–µ–Ω–∏—è —Å API: 401 Client Error: API key is invalid. for url: https://api.bybit.com/v5/account/wallet-balance?accountType=UNIFIED
2025-10-07 15:11:45,076 - ERROR - Traceback (most recent call last):
  File "C:\Users\vlastelin8\Desktop\trade\crypto\src\api\bybit_client.py", line 161, in _make_request
    response.raise_for_status()
    ~~~~~~~~~~~~~~~~~~~~~~~~~^^
  File "C:\Users\vlastelin8\AppData\Local\Programs\Python\Python313\Lib\site-packages\requests\models.py", line 1024, in raise_for_status
    raise HTTPError(http_error_msg, response=self)
requests.exceptions.HTTPError: 401 Client Error: API key is invalid. for url: https://api.bybit.com/v5/account/wallet-balance?accountType=UNIFIED

During handling of the above exception, another exception occurred:

Traceback (most recent call last):
  File "C:\Users\vlastelin8\Desktop\trade\crypto\src\api\bybit_client.py", line 213, in get_wallet_balance
    result = self._make_request('GET', '/v5/account/wallet-balance', params)
  File "C:\Users\vlastelin8\Desktop\trade\crypto\src\api\bybit_client.py", line 174, in _make_request
    raise Exception(f"–û—à–∏–±–∫–∞ —Å–æ–µ–¥–∏–Ω–µ–Ω–∏—è —Å API: {e}")
Exception: –û—à–∏–±–∫–∞ —Å–æ–µ–¥–∏–Ω–µ–Ω–∏—è —Å API: 401 Client Error: API key is invalid. for url: https://api.bybit.com/v5/account/wallet-balance?accountType=UNIFIED

2025-10-07 15:11:45,076 - INFO - –ü–æ–ª–Ω—ã–π –æ—Ç–≤–µ—Ç –±–∞–ª–∞–Ω—Å–∞: {}
2025-10-07 15:11:45,076 - WARNING - –ü–æ–ª—É—á–µ–Ω –ø—É—Å—Ç–æ–π –æ—Ç–≤–µ—Ç –ø—Ä–∏ –∑–∞–ø—Ä–æ—Å–µ –±–∞–ª–∞–Ω—Å–∞
‚úÖ –ë–∞–ª–∞–Ω—Å –æ–±–Ω–æ–≤–ª–µ–Ω: FalseüîÑ –û–±–Ω–æ–≤–ª–µ–Ω–∏–µ –ø–æ–∑–∏—Ü–∏–π...2025-10-07 15:11:45,355 - DEBUG - https://api.bybit.com:443 "GET /v5/market/time HTTP/1.1" 200 134
2025-10-07 15:11:45,355 - DEBUG - –°—Ç—Ä–æ–∫–∞ –¥–ª—è –ø–æ–¥–ø–∏—Å–∏: 17598211050009HlqDp2h1HwSP8Ydnk20000category=spot&limit=50
2025-10-07 15:11:45,643 - DEBUG - https://api.bybit.com:443 "GET /v5/order/realtime?category=spot&limit=50 HTTP/1.1" 401 0
2025-10-07 15:11:45,644 - ERROR - –û—à–∏–±–∫–∞ HTTP –∑–∞–ø—Ä–æ—Å–∞: 401 Client Error: API key is invalid. for url: https://api.bybit.com/v5/order/realtime?category=spot&limit=50
2025-10-07 15:11:45,644 - WARNING - –û—à–∏–±–∫–∞ –ø–æ–ª—É—á–µ–Ω–∏—è —Å–ø–æ—Ç–æ–≤—ã—Ö –æ—Ä–¥–µ—Ä–æ–≤: –û—à–∏–±–∫–∞ —Å–æ–µ–¥–∏–Ω–µ–Ω–∏—è —Å API: 401 Client Error: API key is invalid. for url: https://api.bybit.com/v5/order/realtime?category=spot&limit=50
2025-10-07 15:11:45,644 - INFO - –ù–∞–π–¥–µ–Ω–æ 0 –∞–∫—Ç–∏–≤–Ω—ã—Ö —Å–ø–æ—Ç–æ–≤—ã—Ö –æ—Ä–¥–µ—Ä–æ–≤
2025-10-07 15:11:45,653 - INFO - –°–æ—Ö—Ä–∞–Ω–µ–Ω–æ 0 –ø–æ–∑–∏—Ü–∏–π –≤ –±–∞–∑—É –¥–∞–Ω–Ω—ã—Ö
‚úÖ –ü–æ–∑–∏—Ü–∏–∏ –æ–±–Ω–æ–≤–ª–µ–Ω—ã: 0 –ø–æ–∑–∏—Ü–∏–π‚è∏Ô∏è –¢–æ—Ä–≥–æ–≤–ª—è –æ—Ç–∫–ª—é—á–µ–Ω–∞ (—Ü–∏–∫–ª #4)